// Jest Snapshot v1, https://goo.gl/fbAQLP

exports[`renders MainPage without crashing 1`] = `
<div
  className="tc"
>
  <h1
    className="f1"
  >
    RoboFriends
  </h1>
  <CounterButton />
  <SearchBox />
  <Scroll>
    <ErrorBoundry>
      <Cardlist
        robots={Array []}
      />
    </ErrorBoundry>
  </Scroll>
</div>
`;
