// Jest Snapshot v1, https://goo.gl/fbAQLP

exports[`renders without crashing 1`] = `
<div
  style={
    Object {
      "border": "5px solid black",
      "height": "800px",
      "overflow": "Scroll",
    }
  }
/>
`;
